// Vitest Snapshot v1, https://vitest.dev/guide/snapshot.html

exports[`CDK stack > keeps an infrastructure snapshot 1`] = `
{
  "Outputs": {
    "ApplicationsTableName": {
      "Value": {
        "Ref": "ApplicationsE04DA868",
      },
    },
    "DocumentsBucketName": {
      "Value": {
        "Ref": "ApplicantDocumentsD1FBD230",
      },
    },
    "GitHubActionsRoleArn": {
      "Value": {
        "Fn::GetAtt": [
          "GitHubActionsRole4F1BBA26",
          "Arn",
        ],
      },
    },
    "InternshipsTableName": {
      "Value": {
        "Ref": "InternshipsB67F358B",
      },
    },
    "NotifierFunctionName": {
      "Value": {
        "Ref": "NotifierDFD80165",
      },
    },
    "PublicApiUrl": {
      "Value": {
        "Fn::GetAtt": [
          "PublicHttpApi954A824B",
          "ApiEndpoint",
        ],
      },
    },
    "Region": {
      "Value": {
        "Ref": "AWS::Region",
      },
    },
    "RuntimeConfigParameterName": {
      "Value": "/intern-notifs/runtime-config",
    },
    "UserDataTableName": {
      "Value": {
        "Ref": "UserData6A2E227B",
      },
    },
    "UserPoolClientId": {
      "Value": {
        "Ref": "UsersMobileClient92F5E777",
      },
    },
    "UserPoolId": {
      "Value": {
        "Ref": "Users0A0EEA89",
      },
    },
  },
  "Parameters": {
    "BootstrapVersion": {
      "Default": "/cdk-bootstrap/hnb659fds/version",
      "Description": "Version of the CDK Bootstrap resources in this environment, automatically retrieved from SSM Parameter Store. [cdk:skip]",
      "Type": "AWS::SSM::Parameter::Value<String>",
    },
  },
  "Resources": {
    "ApplicantDocumentsD1FBD230": {
      "DeletionPolicy": "Retain",
      "Properties": {
        "BucketEncryption": {
          "ServerSideEncryptionConfiguration": [
            {
              "ServerSideEncryptionByDefault": {
                "SSEAlgorithm": "aws:kms",
              },
            },
          ],
        },
        "CorsConfiguration": {
          "CorsRules": [
            {
              "AllowedHeaders": [
                "Content-Type",
              ],
              "AllowedMethods": [
                "PUT",
              ],
              "AllowedOrigins": [
                "*",
              ],
            },
          ],
        },
        "PublicAccessBlockConfiguration": {
          "BlockPublicAcls": true,
          "BlockPublicPolicy": true,
          "IgnorePublicAcls": true,
          "RestrictPublicBuckets": true,
        },
        "VersioningConfiguration": {
          "Status": "Enabled",
        },
      },
      "Type": "AWS::S3::Bucket",
      "UpdateReplacePolicy": "Retain",
    },
    "ApplicantDocumentsPolicy3E8EFBF5": {
      "Properties": {
        "Bucket": {
          "Ref": "ApplicantDocumentsD1FBD230",
        },
        "PolicyDocument": {
          "Statement": [
            {
              "Action": "s3:*",
              "Condition": {
                "Bool": {
                  "aws:SecureTransport": "false",
                },
              },
              "Effect": "Deny",
              "Principal": {
                "AWS": "*",
              },
              "Resource": [
                {
                  "Fn::GetAtt": [
                    "ApplicantDocumentsD1FBD230",
                    "Arn",
                  ],
                },
                {
                  "Fn::Join": [
                    "",
                    [
                      {
                        "Fn::GetAtt": [
                          "ApplicantDocumentsD1FBD230",
                          "Arn",
                        ],
                      },
                      "/*",
                    ],
                  ],
                },
              ],
            },
          ],
          "Version": "2012-10-17",
        },
      },
      "Type": "AWS::S3::BucketPolicy",
    },
    "ApplicationsE04DA868": {
      "DeletionPolicy": "Retain",
      "Properties": {
        "AttributeDefinitions": [
          {
            "AttributeName": "applicationId",
            "AttributeType": "S",
          },
          {
            "AttributeName": "jobId",
            "AttributeType": "S",
          },
          {
            "AttributeName": "status",
            "AttributeType": "S",
          },
          {
            "AttributeName": "updatedAt",
            "AttributeType": "S",
          },
        ],
        "BillingMode": "PAY_PER_REQUEST",
        "GlobalSecondaryIndexes": [
          {
            "IndexName": "jobIdIndex",
            "KeySchema": [
              {
                "AttributeName": "jobId",
                "KeyType": "HASH",
              },
            ],
            "Projection": {
              "ProjectionType": "ALL",
            },
          },
          {
            "IndexName": "statusUpdatedAtIndex",
            "KeySchema": [
              {
                "AttributeName": "status",
                "KeyType": "HASH",
              },
              {
                "AttributeName": "updatedAt",
                "KeyType": "RANGE",
              },
            ],
            "Projection": {
              "ProjectionType": "ALL",
            },
          },
        ],
        "KeySchema": [
          {
            "AttributeName": "applicationId",
            "KeyType": "HASH",
          },
        ],
        "PointInTimeRecoverySpecification": {
          "PointInTimeRecoveryEnabled": true,
        },
      },
      "Type": "AWS::DynamoDB::Table",
      "UpdateReplacePolicy": "Retain",
    },
    "CustomAWSCDKOpenIdConnectProviderCustomResourceProviderHandlerF2C543E0": {
      "DependsOn": [
        "CustomAWSCDKOpenIdConnectProviderCustomResourceProviderRole517FED65",
      ],
      "Properties": {
        "Code": {
          "S3Bucket": {
            "Fn::Sub": "cdk-hnb659fds-assets-\${AWS::AccountId}-\${AWS::Region}",
          },
          "S3Key": "c0d9f24649426c60a1bc01108070535a40353ae6cd8ceccb812969319b936e5d.zip",
        },
        "Handler": "__entrypoint__.handler",
        "MemorySize": 128,
        "Role": {
          "Fn::GetAtt": [
            "CustomAWSCDKOpenIdConnectProviderCustomResourceProviderRole517FED65",
            "Arn",
          ],
        },
        "Runtime": "nodejs24.x",
        "Timeout": 900,
      },
      "Type": "AWS::Lambda::Function",
    },
    "CustomAWSCDKOpenIdConnectProviderCustomResourceProviderRole517FED65": {
      "Properties": {
        "AssumeRolePolicyDocument": {
          "Statement": [
            {
              "Action": "sts:AssumeRole",
              "Effect": "Allow",
              "Principal": {
                "Service": "lambda.amazonaws.com",
              },
            },
          ],
          "Version": "2012-10-17",
        },
        "ManagedPolicyArns": [
          {
            "Fn::Sub": "arn:\${AWS::Partition}:iam::aws:policy/service-role/AWSLambdaBasicExecutionRole",
          },
        ],
        "Policies": [
          {
            "PolicyDocument": {
              "Statement": [
                {
                  "Action": [
                    "iam:CreateOpenIDConnectProvider",
                    "iam:DeleteOpenIDConnectProvider",
                    "iam:UpdateOpenIDConnectProviderThumbprint",
                    "iam:AddClientIDToOpenIDConnectProvider",
                    "iam:RemoveClientIDFromOpenIDConnectProvider",
                  ],
                  "Effect": "Allow",
                  "Resource": "*",
                },
              ],
              "Version": "2012-10-17",
            },
            "PolicyName": "Inline",
          },
        ],
      },
      "Type": "AWS::IAM::Role",
    },
    "EveningDigestSchedule": {
      "Properties": {
        "FlexibleTimeWindow": {
          "Mode": "OFF",
        },
        "ScheduleExpression": "cron(0 17 * * ? *)",
        "ScheduleExpressionTimezone": "America/New_York",
        "State": "ENABLED",
        "Target": {
          "Arn": {
            "Fn::GetAtt": [
              "NotifierDFD80165",
              "Arn",
            ],
          },
          "DeadLetterConfig": {
            "Arn": {
              "Fn::GetAtt": [
                "SchedulerDeadLetterQueueFA1FB96A",
                "Arn",
              ],
            },
          },
          "Input": "{"command":"digest"}",
          "RetryPolicy": {
            "MaximumEventAgeInSeconds": 3600,
            "MaximumRetryAttempts": 2,
          },
          "RoleArn": {
            "Fn::GetAtt": [
              "SchedulerInvokeRoleE2A7D616",
              "Arn",
            ],
          },
        },
      },
      "Type": "AWS::Scheduler::Schedule",
    },
    "GitHubActionsRole4F1BBA26": {
      "Properties": {
        "AssumeRolePolicyDocument": {
          "Statement": [
            {
              "Action": "sts:AssumeRoleWithWebIdentity",
              "Condition": {
                "StringEquals": {
                  "token.actions.githubusercontent.com:aud": "sts.amazonaws.com",
                  "token.actions.githubusercontent.com:sub": "repo:owner/repo:ref:refs/heads/main",
                },
              },
              "Effect": "Allow",
              "Principal": {
                "Federated": {
                  "Ref": "GithubOidc86785739",
                },
              },
            },
          ],
          "Version": "2012-10-17",
        },
      },
      "Type": "AWS::IAM::Role",
    },
    "GitHubActionsRoleDefaultPolicy69DA0189": {
      "Properties": {
        "PolicyDocument": {
          "Statement": [
            {
              "Action": [
                "dynamodb:GetItem",
                "dynamodb:PutItem",
                "dynamodb:Query",
              ],
              "Effect": "Allow",
              "Resource": [
                {
                  "Fn::GetAtt": [
                    "InternshipsB67F358B",
                    "Arn",
                  ],
                },
                {
                  "Fn::Join": [
                    "",
                    [
                      {
                        "Fn::GetAtt": [
                          "InternshipsB67F358B",
                          "Arn",
                        ],
                      },
                      "/index/*",
                    ],
                  ],
                },
              ],
            },
            {
              "Action": "ses:SendEmail",
              "Effect": "Allow",
              "Resource": {
                "Fn::Join": [
                  "",
                  [
                    "arn:",
                    {
                      "Ref": "AWS::Partition",
                    },
                    ":ses:",
                    {
                      "Ref": "AWS::Region",
                    },
                    ":",
                    {
                      "Ref": "AWS::AccountId",
                    },
                    ":identity/",
                    {
                      "Ref": "NotifierIdentity52E42198",
                    },
                  ],
                ],
              },
            },
          ],
          "Version": "2012-10-17",
        },
        "PolicyName": "GitHubActionsRoleDefaultPolicy69DA0189",
        "Roles": [
          {
            "Ref": "GitHubActionsRole4F1BBA26",
          },
        ],
      },
      "Type": "AWS::IAM::Policy",
    },
    "GithubOidc86785739": {
      "DeletionPolicy": "Delete",
      "Properties": {
        "ClientIDList": [
          "sts.amazonaws.com",
        ],
        "CodeHash": "c0d9f24649426c60a1bc01108070535a40353ae6cd8ceccb812969319b936e5d",
        "RejectUnauthorized": false,
        "ServiceToken": {
          "Fn::GetAtt": [
            "CustomAWSCDKOpenIdConnectProviderCustomResourceProviderHandlerF2C543E0",
            "Arn",
          ],
        },
        "Url": "https://token.actions.githubusercontent.com",
      },
      "Type": "Custom::AWSCDKOpenIdConnectProvider",
      "UpdateReplacePolicy": "Delete",
    },
    "InternshipsB67F358B": {
      "DeletionPolicy": "Retain",
      "Properties": {
        "AttributeDefinitions": [
          {
            "AttributeName": "pk",
            "AttributeType": "S",
          },
          {
            "AttributeName": "sk",
            "AttributeType": "S",
          },
          {
            "AttributeName": "urlPk",
            "AttributeType": "S",
          },
          {
            "AttributeName": "fingerprintPk",
            "AttributeType": "S",
          },
          {
            "AttributeName": "smsPk",
            "AttributeType": "S",
          },
          {
            "AttributeName": "digestPk",
            "AttributeType": "S",
          },
          {
            "AttributeName": "openPk",
            "AttributeType": "S",
          },
          {
            "AttributeName": "openSk",
            "AttributeType": "S",
          },
          {
            "AttributeName": "closedPk",
            "AttributeType": "S",
          },
          {
            "AttributeName": "closedSk",
            "AttributeType": "S",
          },
        ],
        "BillingMode": "PAY_PER_REQUEST",
        "GlobalSecondaryIndexes": [
          {
            "IndexName": "urlIndex",
            "KeySchema": [
              {
                "AttributeName": "urlPk",
                "KeyType": "HASH",
              },
            ],
            "Projection": {
              "ProjectionType": "ALL",
            },
          },
          {
            "IndexName": "fingerprintIndex",
            "KeySchema": [
              {
                "AttributeName": "fingerprintPk",
                "KeyType": "HASH",
              },
            ],
            "Projection": {
              "ProjectionType": "ALL",
            },
          },
          {
            "IndexName": "pendingSmsIndex",
            "KeySchema": [
              {
                "AttributeName": "smsPk",
                "KeyType": "HASH",
              },
            ],
            "Projection": {
              "ProjectionType": "ALL",
            },
          },
          {
            "IndexName": "pendingDigestIndex",
            "KeySchema": [
              {
                "AttributeName": "digestPk",
                "KeyType": "HASH",
              },
            ],
            "Projection": {
              "ProjectionType": "ALL",
            },
          },
          {
            "IndexName": "openJobsIndex",
            "KeySchema": [
              {
                "AttributeName": "openPk",
                "KeyType": "HASH",
              },
              {
                "AttributeName": "openSk",
                "KeyType": "RANGE",
              },
            ],
            "Projection": {
              "ProjectionType": "ALL",
            },
          },
          {
            "IndexName": "closedJobsIndex",
            "KeySchema": [
              {
                "AttributeName": "closedPk",
                "KeyType": "HASH",
              },
              {
                "AttributeName": "closedSk",
                "KeyType": "RANGE",
              },
            ],
            "Projection": {
              "ProjectionType": "ALL",
            },
          },
        ],
        "KeySchema": [
          {
            "AttributeName": "pk",
            "KeyType": "HASH",
          },
          {
            "AttributeName": "sk",
            "KeyType": "RANGE",
          },
        ],
        "PointInTimeRecoverySpecification": {
          "PointInTimeRecoveryEnabled": true,
        },
      },
      "Type": "AWS::DynamoDB::Table",
      "UpdateReplacePolicy": "Retain",
    },
    "MorningDigestSchedule": {
      "Properties": {
        "FlexibleTimeWindow": {
          "Mode": "OFF",
        },
        "ScheduleExpression": "cron(0 9 * * ? *)",
        "ScheduleExpressionTimezone": "America/New_York",
        "State": "ENABLED",
        "Target": {
          "Arn": {
            "Fn::GetAtt": [
              "NotifierDFD80165",
              "Arn",
            ],
          },
          "DeadLetterConfig": {
            "Arn": {
              "Fn::GetAtt": [
                "SchedulerDeadLetterQueueFA1FB96A",
                "Arn",
              ],
            },
          },
          "Input": "{"command":"digest"}",
          "RetryPolicy": {
            "MaximumEventAgeInSeconds": 3600,
            "MaximumRetryAttempts": 2,
          },
          "RoleArn": {
            "Fn::GetAtt": [
              "SchedulerInvokeRoleE2A7D616",
              "Arn",
            ],
          },
        },
      },
      "Type": "AWS::Scheduler::Schedule",
    },
    "NotifierDFD80165": {
      "DependsOn": [
        "NotifierServiceRoleDefaultPolicy0848DC19",
        "NotifierServiceRole156E35B0",
      ],
      "Properties": {
        "Code": {
          "S3Bucket": {
            "Fn::Sub": "cdk-hnb659fds-assets-\${AWS::AccountId}-\${AWS::Region}",
          },
          "S3Key": "8b085a5fe5ecf97ffdc0eea76092662d5c54628fd1df1979e792114f53a24989.zip",
        },
        "Environment": {
          "Variables": {
            "INTERNSHIPS_TABLE": {
              "Ref": "InternshipsB67F358B",
            },
            "RUNTIME_CONFIG_PARAMETER_NAME": "/intern-notifs/runtime-config",
            "USERS_TABLE": {
              "Ref": "UserData6A2E227B",
            },
          },
        },
        "Handler": "index.handler",
        "MemorySize": 512,
        "Role": {
          "Fn::GetAtt": [
            "NotifierServiceRole156E35B0",
            "Arn",
          ],
        },
        "Runtime": "nodejs22.x",
        "Timeout": 240,
      },
      "Type": "AWS::Lambda::Function",
    },
    "NotifierIdentity52E42198": {
      "Properties": {
        "EmailIdentity": "me@example.com",
      },
      "Type": "AWS::SES::EmailIdentity",
    },
    "NotifierServiceRole156E35B0": {
      "Properties": {
        "AssumeRolePolicyDocument": {
          "Statement": [
            {
              "Action": "sts:AssumeRole",
              "Effect": "Allow",
              "Principal": {
                "Service": "lambda.amazonaws.com",
              },
            },
          ],
          "Version": "2012-10-17",
        },
        "ManagedPolicyArns": [
          {
            "Fn::Join": [
              "",
              [
                "arn:",
                {
                  "Ref": "AWS::Partition",
                },
                ":iam::aws:policy/service-role/AWSLambdaBasicExecutionRole",
              ],
            ],
          },
        ],
      },
      "Type": "AWS::IAM::Role",
    },
    "NotifierServiceRoleDefaultPolicy0848DC19": {
      "Properties": {
        "PolicyDocument": {
          "Statement": [
            {
              "Action": [
                "dynamodb:GetItem",
                "dynamodb:PutItem",
                "dynamodb:Query",
              ],
              "Effect": "Allow",
              "Resource": [
                {
                  "Fn::GetAtt": [
                    "InternshipsB67F358B",
                    "Arn",
                  ],
                },
                {
                  "Fn::Join": [
                    "",
                    [
                      {
                        "Fn::GetAtt": [
                          "InternshipsB67F358B",
                          "Arn",
                        ],
                      },
                      "/index/*",
                    ],
                  ],
                },
              ],
            },
            {
              "Action": [
                "dynamodb:GetItem",
                "dynamodb:PutItem",
                "dynamodb:Query",
              ],
              "Effect": "Allow",
              "Resource": [
                {
                  "Fn::GetAtt": [
                    "UserData6A2E227B",
                    "Arn",
                  ],
                },
                {
                  "Fn::Join": [
                    "",
                    [
                      {
                        "Fn::GetAtt": [
                          "UserData6A2E227B",
                          "Arn",
                        ],
                      },
                      "/index/*",
                    ],
                  ],
                },
              ],
            },
            {
              "Action": "ses:SendEmail",
              "Effect": "Allow",
              "Resource": {
                "Fn::Join": [
                  "",
                  [
                    "arn:",
                    {
                      "Ref": "AWS::Partition",
                    },
                    ":ses:",
                    {
                      "Ref": "AWS::Region",
                    },
                    ":",
                    {
                      "Ref": "AWS::AccountId",
                    },
                    ":identity/",
                    {
                      "Ref": "NotifierIdentity52E42198",
                    },
                  ],
                ],
              },
            },
            {
              "Action": "ssm:GetParameter",
              "Effect": "Allow",
              "Resource": {
                "Fn::Join": [
                  "",
                  [
                    "arn:",
                    {
                      "Ref": "AWS::Partition",
                    },
                    ":ssm:",
                    {
                      "Ref": "AWS::Region",
                    },
                    ":",
                    {
                      "Ref": "AWS::AccountId",
                    },
                    ":parameter/intern-notifs/runtime-config",
                  ],
                ],
              },
            },
            {
              "Action": "kms:Decrypt",
              "Condition": {
                "StringEquals": {
                  "kms:ViaService": {
                    "Fn::Join": [
                      "",
                      [
                        "ssm.",
                        {
                          "Ref": "AWS::Region",
                        },
                        ".amazonaws.com",
                      ],
                    ],
                  },
                },
              },
              "Effect": "Allow",
              "Resource": {
                "Fn::Join": [
                  "",
                  [
                    "arn:",
                    {
                      "Ref": "AWS::Partition",
                    },
                    ":kms:",
                    {
                      "Ref": "AWS::Region",
                    },
                    ":",
                    {
                      "Ref": "AWS::AccountId",
                    },
                    ":key/*",
                  ],
                ],
              },
            },
          ],
          "Version": "2012-10-17",
        },
        "PolicyName": "NotifierServiceRoleDefaultPolicy0848DC19",
        "Roles": [
          {
            "Ref": "NotifierServiceRole156E35B0",
          },
        ],
      },
      "Type": "AWS::IAM::Policy",
    },
    "PollSchedule": {
      "Properties": {
        "FlexibleTimeWindow": {
          "Mode": "OFF",
        },
        "ScheduleExpression": "cron(2,7,12,17,22,27,32,37,42,47,52,57 * * * ? *)",
        "ScheduleExpressionTimezone": "UTC",
        "State": "ENABLED",
        "Target": {
          "Arn": {
            "Fn::GetAtt": [
              "NotifierDFD80165",
              "Arn",
            ],
          },
          "DeadLetterConfig": {
            "Arn": {
              "Fn::GetAtt": [
                "SchedulerDeadLetterQueueFA1FB96A",
                "Arn",
              ],
            },
          },
          "Input": "{"command":"poll"}",
          "RetryPolicy": {
            "MaximumEventAgeInSeconds": 3600,
            "MaximumRetryAttempts": 2,
          },
          "RoleArn": {
            "Fn::GetAtt": [
              "SchedulerInvokeRoleE2A7D616",
              "Arn",
            ],
          },
        },
      },
      "Type": "AWS::Scheduler::Schedule",
    },
    "PublicApiC8293BC5": {
      "DependsOn": [
        "PublicApiServiceRoleDefaultPolicy43DADC50",
        "PublicApiServiceRole385FA2A0",
      ],
      "Properties": {
        "Code": {
          "S3Bucket": {
            "Fn::Sub": "cdk-hnb659fds-assets-\${AWS::AccountId}-\${AWS::Region}",
          },
          "S3Key": "f641753c3adba208398bd6399b83990a7a3851a5253a7feb2bf95947689ce3e7.zip",
        },
        "Environment": {
          "Variables": {
            "DOCUMENTS_BUCKET": {
              "Ref": "ApplicantDocumentsD1FBD230",
            },
            "INTERNSHIPS_TABLE": {
              "Ref": "InternshipsB67F358B",
            },
            "USERS_TABLE": {
              "Ref": "UserData6A2E227B",
            },
            "USER_POOL_ID": {
              "Ref": "Users0A0EEA89",
            },
          },
        },
        "Handler": "index.handler",
        "MemorySize": 512,
        "Role": {
          "Fn::GetAtt": [
            "PublicApiServiceRole385FA2A0",
            "Arn",
          ],
        },
        "Runtime": "nodejs22.x",
        "Timeout": 29,
      },
      "Type": "AWS::Lambda::Function",
    },
    "PublicApiServiceRole385FA2A0": {
      "Properties": {
        "AssumeRolePolicyDocument": {
          "Statement": [
            {
              "Action": "sts:AssumeRole",
              "Effect": "Allow",
              "Principal": {
                "Service": "lambda.amazonaws.com",
              },
            },
          ],
          "Version": "2012-10-17",
        },
        "ManagedPolicyArns": [
          {
            "Fn::Join": [
              "",
              [
                "arn:",
                {
                  "Ref": "AWS::Partition",
                },
                ":iam::aws:policy/service-role/AWSLambdaBasicExecutionRole",
              ],
            ],
          },
        ],
      },
      "Type": "AWS::IAM::Role",
    },
    "PublicApiServiceRoleDefaultPolicy43DADC50": {
      "Properties": {
        "PolicyDocument": {
          "Statement": [
            {
              "Action": [
                "dynamodb:GetItem",
                "dynamodb:PutItem",
                "dynamodb:DeleteItem",
                "dynamodb:Query",
              ],
              "Effect": "Allow",
              "Resource": [
                {
                  "Fn::GetAtt": [
                    "InternshipsB67F358B",
                    "Arn",
                  ],
                },
                {
                  "Fn::Join": [
                    "",
                    [
                      {
                        "Fn::GetAtt": [
                          "InternshipsB67F358B",
                          "Arn",
                        ],
                      },
                      "/index/*",
                    ],
                  ],
                },
                {
                  "Fn::GetAtt": [
                    "UserData6A2E227B",
                    "Arn",
                  ],
                },
                {
                  "Fn::Join": [
                    "",
                    [
                      {
                        "Fn::GetAtt": [
                          "UserData6A2E227B",
                          "Arn",
                        ],
                      },
                      "/index/*",
                    ],
                  ],
                },
              ],
            },
            {
              "Action": [
                "s3:GetObject*",
                "s3:GetBucket*",
                "s3:List*",
                "s3:DeleteObject*",
                "s3:PutObject",
                "s3:PutObjectLegalHold",
                "s3:PutObjectRetention",
                "s3:PutObjectTagging",
                "s3:PutObjectVersionTagging",
                "s3:Abort*",
              ],
              "Effect": "Allow",
              "Resource": [
                {
                  "Fn::GetAtt": [
                    "ApplicantDocumentsD1FBD230",
                    "Arn",
                  ],
                },
                {
                  "Fn::Join": [
                    "",
                    [
                      {
                        "Fn::GetAtt": [
                          "ApplicantDocumentsD1FBD230",
                          "Arn",
                        ],
                      },
                      "/*",
                    ],
                  ],
                },
              ],
            },
            {
              "Action": "cognito-idp:AdminDeleteUser",
              "Effect": "Allow",
              "Resource": {
                "Fn::GetAtt": [
                  "Users0A0EEA89",
                  "Arn",
                ],
              },
            },
          ],
          "Version": "2012-10-17",
        },
        "PolicyName": "PublicApiServiceRoleDefaultPolicy43DADC50",
        "Roles": [
          {
            "Ref": "PublicApiServiceRole385FA2A0",
          },
        ],
      },
      "Type": "AWS::IAM::Policy",
    },
    "PublicHttpApi954A824B": {
      "Properties": {
        "CorsConfiguration": {
          "AllowHeaders": [
            "Authorization",
            "Content-Type",
          ],
          "AllowMethods": [
            "*",
          ],
          "AllowOrigins": [
            "*",
          ],
          "MaxAge": 86400,
        },
        "Name": "PublicHttpApi",
        "ProtocolType": "HTTP",
      },
      "Type": "AWS::ApiGatewayV2::Api",
    },
    "PublicHttpApiANYmeproxy379C5FFD": {
      "Properties": {
        "ApiId": {
          "Ref": "PublicHttpApi954A824B",
        },
        "AuthorizationType": "JWT",
        "AuthorizerId": {
          "Ref": "PublicHttpApiCognitoJwt57D475C4",
        },
        "RouteKey": "ANY /me/{proxy+}",
        "Target": {
          "Fn::Join": [
            "",
            [
              "integrations/",
              {
                "Ref": "PublicHttpApiGETjobsPublicApiIntegrationFF569FBB",
              },
            ],
          ],
        },
      },
      "Type": "AWS::ApiGatewayV2::Route",
    },
    "PublicHttpApiANYmeproxyPublicApiIntegrationPermission321A4DC5": {
      "Properties": {
        "Action": "lambda:InvokeFunction",
        "FunctionName": {
          "Fn::GetAtt": [
            "PublicApiC8293BC5",
            "Arn",
          ],
        },
        "Principal": "apigateway.amazonaws.com",
        "SourceArn": {
          "Fn::Join": [
            "",
            [
              "arn:",
              {
                "Ref": "AWS::Partition",
              },
              ":execute-api:",
              {
                "Ref": "AWS::Region",
              },
              ":",
              {
                "Ref": "AWS::AccountId",
              },
              ":",
              {
                "Ref": "PublicHttpApi954A824B",
              },
              "/*/*/me/{proxy+}",
            ],
          ],
        },
      },
      "Type": "AWS::Lambda::Permission",
    },
    "PublicHttpApiCognitoJwt57D475C4": {
      "Properties": {
        "ApiId": {
          "Ref": "PublicHttpApi954A824B",
        },
        "AuthorizerType": "JWT",
        "IdentitySource": [
          "$request.header.Authorization",
        ],
        "JwtConfiguration": {
          "Audience": [
            {
              "Ref": "UsersMobileClient92F5E777",
            },
          ],
          "Issuer": {
            "Fn::Join": [
              "",
              [
                "https://cognito-idp.",
                {
                  "Ref": "AWS::Region",
                },
                ".amazonaws.com/",
                {
                  "Ref": "Users0A0EEA89",
                },
              ],
            ],
          },
        },
        "Name": "CognitoJwt",
      },
      "Type": "AWS::ApiGatewayV2::Authorizer",
    },
    "PublicHttpApiDELETEme4C62639C": {
      "Properties": {
        "ApiId": {
          "Ref": "PublicHttpApi954A824B",
        },
        "AuthorizationType": "JWT",
        "AuthorizerId": {
          "Ref": "PublicHttpApiCognitoJwt57D475C4",
        },
        "RouteKey": "DELETE /me",
        "Target": {
          "Fn::Join": [
            "",
            [
              "integrations/",
              {
                "Ref": "PublicHttpApiGETjobsPublicApiIntegrationFF569FBB",
              },
            ],
          ],
        },
      },
      "Type": "AWS::ApiGatewayV2::Route",
    },
    "PublicHttpApiDELETEmePublicApiIntegrationPermission401B0C1C": {
      "Properties": {
        "Action": "lambda:InvokeFunction",
        "FunctionName": {
          "Fn::GetAtt": [
            "PublicApiC8293BC5",
            "Arn",
          ],
        },
        "Principal": "apigateway.amazonaws.com",
        "SourceArn": {
          "Fn::Join": [
            "",
            [
              "arn:",
              {
                "Ref": "AWS::Partition",
              },
              ":execute-api:",
              {
                "Ref": "AWS::Region",
              },
              ":",
              {
                "Ref": "AWS::AccountId",
              },
              ":",
              {
                "Ref": "PublicHttpApi954A824B",
              },
              "/*/*/me",
            ],
          ],
        },
      },
      "Type": "AWS::Lambda::Permission",
    },
    "PublicHttpApiDefaultStageC42D72D2": {
      "Properties": {
        "ApiId": {
          "Ref": "PublicHttpApi954A824B",
        },
        "AutoDeploy": true,
        "DefaultRouteSettings": {
          "ThrottlingBurstLimit": 50,
          "ThrottlingRateLimit": 25,
        },
        "StageName": "$default",
      },
      "Type": "AWS::ApiGatewayV2::Stage",
    },
    "PublicHttpApiGETjobs97276EDF": {
      "Properties": {
        "ApiId": {
          "Ref": "PublicHttpApi954A824B",
        },
        "AuthorizationType": "NONE",
        "RouteKey": "GET /jobs",
        "Target": {
          "Fn::Join": [
            "",
            [
              "integrations/",
              {
                "Ref": "PublicHttpApiGETjobsPublicApiIntegrationFF569FBB",
              },
            ],
          ],
        },
      },
      "Type": "AWS::ApiGatewayV2::Route",
    },
    "PublicHttpApiGETjobsPublicApiIntegrationFF569FBB": {
      "Properties": {
        "ApiId": {
          "Ref": "PublicHttpApi954A824B",
        },
        "IntegrationType": "AWS_PROXY",
        "IntegrationUri": {
          "Fn::GetAtt": [
            "PublicApiC8293BC5",
            "Arn",
          ],
        },
        "PayloadFormatVersion": "2.0",
      },
      "Type": "AWS::ApiGatewayV2::Integration",
    },
    "PublicHttpApiGETjobsPublicApiIntegrationPermission3CFBA2C9": {
      "Properties": {
        "Action": "lambda:InvokeFunction",
        "FunctionName": {
          "Fn::GetAtt": [
            "PublicApiC8293BC5",
            "Arn",
          ],
        },
        "Principal": "apigateway.amazonaws.com",
        "SourceArn": {
          "Fn::Join": [
            "",
            [
              "arn:",
              {
                "Ref": "AWS::Partition",
              },
              ":execute-api:",
              {
                "Ref": "AWS::Region",
              },
              ":",
              {
                "Ref": "AWS::AccountId",
              },
              ":",
              {
                "Ref": "PublicHttpApi954A824B",
              },
              "/*/*/jobs",
            ],
          ],
        },
      },
      "Type": "AWS::Lambda::Permission",
    },
    "PublicHttpApiGETjobsjobId75FA6EB6": {
      "Properties": {
        "ApiId": {
          "Ref": "PublicHttpApi954A824B",
        },
        "AuthorizationType": "NONE",
        "RouteKey": "GET /jobs/{jobId}",
        "Target": {
          "Fn::Join": [
            "",
            [
              "integrations/",
              {
                "Ref": "PublicHttpApiGETjobsPublicApiIntegrationFF569FBB",
              },
            ],
          ],
        },
      },
      "Type": "AWS::ApiGatewayV2::Route",
    },
    "PublicHttpApiGETjobsjobIdPublicApiIntegrationPermission74235503": {
      "Properties": {
        "Action": "lambda:InvokeFunction",
        "FunctionName": {
          "Fn::GetAtt": [
            "PublicApiC8293BC5",
            "Arn",
          ],
        },
        "Principal": "apigateway.amazonaws.com",
        "SourceArn": {
          "Fn::Join": [
            "",
            [
              "arn:",
              {
                "Ref": "AWS::Partition",
              },
              ":execute-api:",
              {
                "Ref": "AWS::Region",
              },
              ":",
              {
                "Ref": "AWS::AccountId",
              },
              ":",
              {
                "Ref": "PublicHttpApi954A824B",
              },
              "/*/*/jobs/{jobId}",
            ],
          ],
        },
      },
      "Type": "AWS::Lambda::Permission",
    },
    "PublicHttpApiGETme32B2B951": {
      "Properties": {
        "ApiId": {
          "Ref": "PublicHttpApi954A824B",
        },
        "AuthorizationType": "JWT",
        "AuthorizerId": {
          "Ref": "PublicHttpApiCognitoJwt57D475C4",
        },
        "RouteKey": "GET /me",
        "Target": {
          "Fn::Join": [
            "",
            [
              "integrations/",
              {
                "Ref": "PublicHttpApiGETjobsPublicApiIntegrationFF569FBB",
              },
            ],
          ],
        },
      },
      "Type": "AWS::ApiGatewayV2::Route",
    },
    "PublicHttpApiGETmePublicApiIntegrationPermissionE70C7A3F": {
      "Properties": {
        "Action": "lambda:InvokeFunction",
        "FunctionName": {
          "Fn::GetAtt": [
            "PublicApiC8293BC5",
            "Arn",
          ],
        },
        "Principal": "apigateway.amazonaws.com",
        "SourceArn": {
          "Fn::Join": [
            "",
            [
              "arn:",
              {
                "Ref": "AWS::Partition",
              },
              ":execute-api:",
              {
                "Ref": "AWS::Region",
              },
              ":",
              {
                "Ref": "AWS::AccountId",
              },
              ":",
              {
                "Ref": "PublicHttpApi954A824B",
              },
              "/*/*/me",
            ],
          ],
        },
      },
      "Type": "AWS::Lambda::Permission",
    },
    "PublicHttpApiPOSTmeF31BEDBF": {
      "Properties": {
        "ApiId": {
          "Ref": "PublicHttpApi954A824B",
        },
        "AuthorizationType": "JWT",
        "AuthorizerId": {
          "Ref": "PublicHttpApiCognitoJwt57D475C4",
        },
        "RouteKey": "POST /me",
        "Target": {
          "Fn::Join": [
            "",
            [
              "integrations/",
              {
                "Ref": "PublicHttpApiGETjobsPublicApiIntegrationFF569FBB",
              },
            ],
          ],
        },
      },
      "Type": "AWS::ApiGatewayV2::Route",
    },
    "PublicHttpApiPOSTmePublicApiIntegrationPermission1CEF8BBC": {
      "Properties": {
        "Action": "lambda:InvokeFunction",
        "FunctionName": {
          "Fn::GetAtt": [
            "PublicApiC8293BC5",
            "Arn",
          ],
        },
        "Principal": "apigateway.amazonaws.com",
        "SourceArn": {
          "Fn::Join": [
            "",
            [
              "arn:",
              {
                "Ref": "AWS::Partition",
              },
              ":execute-api:",
              {
                "Ref": "AWS::Region",
              },
              ":",
              {
                "Ref": "AWS::AccountId",
              },
              ":",
              {
                "Ref": "PublicHttpApi954A824B",
              },
              "/*/*/me",
            ],
          ],
        },
      },
      "Type": "AWS::Lambda::Permission",
    },
    "PublicHttpApiPUTme21573145": {
      "Properties": {
        "ApiId": {
          "Ref": "PublicHttpApi954A824B",
        },
        "AuthorizationType": "JWT",
        "AuthorizerId": {
          "Ref": "PublicHttpApiCognitoJwt57D475C4",
        },
        "RouteKey": "PUT /me",
        "Target": {
          "Fn::Join": [
            "",
            [
              "integrations/",
              {
                "Ref": "PublicHttpApiGETjobsPublicApiIntegrationFF569FBB",
              },
            ],
          ],
        },
      },
      "Type": "AWS::ApiGatewayV2::Route",
    },
    "PublicHttpApiPUTmePublicApiIntegrationPermission8EBEB567": {
      "Properties": {
        "Action": "lambda:InvokeFunction",
        "FunctionName": {
          "Fn::GetAtt": [
            "PublicApiC8293BC5",
            "Arn",
          ],
        },
        "Principal": "apigateway.amazonaws.com",
        "SourceArn": {
          "Fn::Join": [
            "",
            [
              "arn:",
              {
                "Ref": "AWS::Partition",
              },
              ":execute-api:",
              {
                "Ref": "AWS::Region",
              },
              ":",
              {
                "Ref": "AWS::AccountId",
              },
              ":",
              {
                "Ref": "PublicHttpApi954A824B",
              },
              "/*/*/me",
            ],
          ],
        },
      },
      "Type": "AWS::Lambda::Permission",
    },
    "SchedulerDeadLetterQueueFA1FB96A": {
      "DeletionPolicy": "Delete",
      "Properties": {
        "MessageRetentionPeriod": 1209600,
        "SqsManagedSseEnabled": true,
      },
      "Type": "AWS::SQS::Queue",
      "UpdateReplacePolicy": "Delete",
    },
    "SchedulerInvokeRoleDefaultPolicy29DAA443": {
      "Properties": {
        "PolicyDocument": {
          "Statement": [
            {
              "Action": "lambda:InvokeFunction",
              "Effect": "Allow",
              "Resource": [
                {
                  "Fn::GetAtt": [
                    "NotifierDFD80165",
                    "Arn",
                  ],
                },
                {
                  "Fn::Join": [
                    "",
                    [
                      {
                        "Fn::GetAtt": [
                          "NotifierDFD80165",
                          "Arn",
                        ],
                      },
                      ":*",
                    ],
                  ],
                },
              ],
            },
            {
              "Action": [
                "sqs:SendMessage",
                "sqs:GetQueueAttributes",
                "sqs:GetQueueUrl",
              ],
              "Effect": "Allow",
              "Resource": {
                "Fn::GetAtt": [
                  "SchedulerDeadLetterQueueFA1FB96A",
                  "Arn",
                ],
              },
            },
          ],
          "Version": "2012-10-17",
        },
        "PolicyName": "SchedulerInvokeRoleDefaultPolicy29DAA443",
        "Roles": [
          {
            "Ref": "SchedulerInvokeRoleE2A7D616",
          },
        ],
      },
      "Type": "AWS::IAM::Policy",
    },
    "SchedulerInvokeRoleE2A7D616": {
      "Properties": {
        "AssumeRolePolicyDocument": {
          "Statement": [
            {
              "Action": "sts:AssumeRole",
              "Effect": "Allow",
              "Principal": {
                "Service": "scheduler.amazonaws.com",
              },
            },
          ],
          "Version": "2012-10-17",
        },
      },
      "Type": "AWS::IAM::Role",
    },
    "UserData6A2E227B": {
      "DeletionPolicy": "Retain",
      "Properties": {
        "AttributeDefinitions": [
          {
            "AttributeName": "pk",
            "AttributeType": "S",
          },
          {
            "AttributeName": "sk",
            "AttributeType": "S",
          },
          {
            "AttributeName": "activePk",
            "AttributeType": "S",
          },
          {
            "AttributeName": "tokenPk",
            "AttributeType": "S",
          },
          {
            "AttributeName": "receiptPk",
            "AttributeType": "S",
          },
        ],
        "BillingMode": "PAY_PER_REQUEST",
        "GlobalSecondaryIndexes": [
          {
            "IndexName": "activeDevicesIndex",
            "KeySchema": [
              {
                "AttributeName": "activePk",
                "KeyType": "HASH",
              },
            ],
            "Projection": {
              "ProjectionType": "ALL",
            },
          },
          {
            "IndexName": "tokenIndex",
            "KeySchema": [
              {
                "AttributeName": "tokenPk",
                "KeyType": "HASH",
              },
            ],
            "Projection": {
              "ProjectionType": "ALL",
            },
          },
          {
            "IndexName": "pendingReceiptsIndex",
            "KeySchema": [
              {
                "AttributeName": "receiptPk",
                "KeyType": "HASH",
              },
            ],
            "Projection": {
              "ProjectionType": "ALL",
            },
          },
        ],
        "KeySchema": [
          {
            "AttributeName": "pk",
            "KeyType": "HASH",
          },
          {
            "AttributeName": "sk",
            "KeyType": "RANGE",
          },
        ],
        "PointInTimeRecoverySpecification": {
          "PointInTimeRecoveryEnabled": true,
        },
        "SSESpecification": {
          "SSEEnabled": true,
        },
      },
      "Type": "AWS::DynamoDB::Table",
      "UpdateReplacePolicy": "Retain",
    },
    "Users0A0EEA89": {
      "DeletionPolicy": "Retain",
      "Properties": {
        "AccountRecoverySetting": {
          "RecoveryMechanisms": [
            {
              "Name": "verified_email",
              "Priority": 1,
            },
          ],
        },
        "AdminCreateUserConfig": {
          "AllowAdminCreateUserOnly": false,
        },
        "AutoVerifiedAttributes": [
          "email",
        ],
        "EmailVerificationMessage": "The verification code to your new account is {####}",
        "EmailVerificationSubject": "Verify your new account",
        "Policies": {
          "PasswordPolicy": {
            "MinimumLength": 12,
            "RequireLowercase": true,
            "RequireNumbers": true,
            "RequireSymbols": false,
            "RequireUppercase": true,
          },
        },
        "Schema": [
          {
            "Mutable": true,
            "Name": "email",
            "Required": true,
          },
        ],
        "SmsVerificationMessage": "The verification code to your new account is {####}",
        "UsernameAttributes": [
          "email",
        ],
        "VerificationMessageTemplate": {
          "DefaultEmailOption": "CONFIRM_WITH_CODE",
          "EmailMessage": "The verification code to your new account is {####}",
          "EmailSubject": "Verify your new account",
          "SmsMessage": "The verification code to your new account is {####}",
        },
      },
      "Type": "AWS::Cognito::UserPool",
      "UpdateReplacePolicy": "Retain",
    },
    "UsersMobileClient92F5E777": {
      "Properties": {
        "AllowedOAuthFlows": [
          "implicit",
          "code",
        ],
        "AllowedOAuthFlowsUserPoolClient": true,
        "AllowedOAuthScopes": [
          "profile",
          "phone",
          "email",
          "openid",
          "aws.cognito.signin.user.admin",
        ],
        "CallbackURLs": [
          "https://example.com",
        ],
        "ExplicitAuthFlows": [
          "ALLOW_USER_PASSWORD_AUTH",
          "ALLOW_USER_SRP_AUTH",
          "ALLOW_REFRESH_TOKEN_AUTH",
        ],
        "PreventUserExistenceErrors": "ENABLED",
        "SupportedIdentityProviders": [
          "COGNITO",
        ],
        "UserPoolId": {
          "Ref": "Users0A0EEA89",
        },
      },
      "Type": "AWS::Cognito::UserPoolClient",
    },
  },
  "Rules": {
    "CheckBootstrapVersion": {
      "Assertions": [
        {
          "Assert": {
            "Fn::Not": [
              {
                "Fn::Contains": [
                  [
                    "1",
                    "2",
                    "3",
                    "4",
                    "5",
                  ],
                  {
                    "Ref": "BootstrapVersion",
                  },
                ],
              },
            ],
          },
          "AssertDescription": "CDK bootstrap stack version 6 required. Please run 'cdk bootstrap' with a recent version of the CDK CLI.",
        },
      ],
    },
  },
}
`;
